   Compiling typenum v1.20.1
   Compiling cpufeatures v0.2.17
   Compiling cfg-if v1.0.5
    Checking chunked_transfer v1.5.0
    Checking httpdate v1.0.3
    Checking itoa v1.0.18
    Checking linux-raw-sys v0.4.15
    Checking log v0.4.34
    Checking bitflags v2.13.2
    Checking memchr v2.8.3
    Checking ascii v1.1.0
    Checking serde_core v1.0.229
    Checking zmij v1.0.23
    Checking tiny_http v0.12.0
    Checking rustix v0.38.44
    Checking generic-array v0.14.7
    Checking block-buffer v0.10.4
    Checking crypto-common v0.1.7
    Checking digest v0.10.7
    Checking sha2 v0.10.9
   Compiling dir-simulator v0.1.0 (<AUDIT_ROOT>/implementation/crates/dir-simulator)
    Checking serde_json v1.0.151
    Checking serde v1.0.229
    Finished `dev` profile [unoptimized + debuginfo] target(s) in 13.69s
