   Compiling version_check v0.9.5
   Compiling typenum v1.20.1
   Compiling proc-macro2 v1.0.107
   Compiling quote v1.0.47
   Compiling unicode-ident v1.0.26
   Compiling serde_core v1.0.229
   Compiling zmij v1.0.23
   Compiling cfg-if v1.0.5
   Compiling cpufeatures v0.2.17
   Compiling serde_json v1.0.151
   Compiling serde v1.0.229
   Compiling rustix v0.38.44
    Checking ascii v1.1.0
    Checking memchr v2.8.3
    Checking httpdate v1.0.3
    Checking chunked_transfer v1.5.0
    Checking bitflags v2.13.2
    Checking linux-raw-sys v0.4.15
    Checking log v0.4.34
    Checking itoa v1.0.18
   Compiling generic-array v0.14.7
    Checking tiny_http v0.12.0
   Compiling syn v3.0.6
    Checking block-buffer v0.10.4
    Checking crypto-common v0.1.7
    Checking digest v0.10.7
    Checking sha2 v0.10.9
   Compiling dir-simulator v0.1.0 (/tmp/dir-opt-five-2026-10-08/candidate1/crates/dir-simulator)
   Compiling serde_derive v1.0.229
    Finished `dev` profile [unoptimized + debuginfo] target(s) in 14.21s
