   Compiling dir-simulator v0.1.0 (/tmp/dir-opt-five-2026-10-08/candidate4/crates/dir-simulator)
error[E0631]: type mismatch in function arguments
    --> crates/dir-simulator/src/output/contribution_sort.rs:267:40
     |
267  |         Ok(Rows(self.path.as_ref().map(RunReader::open).transpose()?))
     |                                    --- ^^^^^^^^^^^^^^^ expected due to this
     |                                    |
     |                                    required by a bound introduced by this call
...
288  |     fn open(path: &Path) -> Result<Self, Diagnostic> {
     |     ------------------------------------------------ found signature defined here
     |
     = note: expected function signature `fn(&std::path::PathBuf) -> _`
                found function signature `fn(&std::path::Path) -> _`
note: required by a bound in `std::option::Option::<T>::map`
    --> /home/hideki/.rustup/toolchains/1.85.0-x86_64-unknown-linux-gnu/lib/rustlib/src/rust/library/core/src/option.rs:1116:12
     |
1114 |     pub fn map<U, F>(self, f: F) -> Option<U>
     |            --- required by a bound in this associated function
1115 |     where
1116 |         F: FnOnce(T) -> U,
     |            ^^^^^^^^^^^^^^ required by this bound in `Option::<T>::map`
help: consider wrapping the function in a closure
     |
267  |         Ok(Rows(self.path.as_ref().map(|arg0: &std::path::PathBuf| RunReader::open(/* &std::path::Path */)).transpose()?))
     |                                        +++++++++++++++++++++++++++                ++++++++++++++++++++++++

For more information about this error, try `rustc --explain E0631`.
error: could not compile `dir-simulator` (lib) due to 1 previous error
warning: build failed, waiting for other jobs to finish...
error: could not compile `dir-simulator` (lib test) due to 1 previous error
