   Compiling version_check v0.9.5
   Compiling typenum v1.20.1
   Compiling proc-macro2 v1.0.107
   Compiling unicode-ident v1.0.26
   Compiling quote v1.0.47
   Compiling serde_core v1.0.229
   Compiling zmij v1.0.23
   Compiling cfg-if v1.0.5
   Compiling cpufeatures v0.2.17
   Compiling serde v1.0.229
   Compiling serde_json v1.0.151
   Compiling rustix v0.38.44
   Compiling ascii v1.1.0
   Compiling bitflags v2.13.2
   Compiling memchr v2.8.3
   Compiling itoa v1.0.18
   Compiling chunked_transfer v1.5.0
   Compiling httpdate v1.0.3
   Compiling log v0.4.34
   Compiling linux-raw-sys v0.4.15
   Compiling generic-array v0.14.7
   Compiling tiny_http v0.12.0
   Compiling syn v3.0.6
   Compiling block-buffer v0.10.4
   Compiling crypto-common v0.1.7
   Compiling digest v0.10.7
   Compiling sha2 v0.10.9
   Compiling dir-simulator v0.1.0 (/tmp/dir-v1.1.4-preparation-2026-10-08/worktree/crates/dir-simulator)
   Compiling serde_derive v1.0.229
    Finished `release` profile [optimized] target(s) in 26.24s
