{"attempt": "baseline-0", "elapsed_seconds": 0.002, "available_memory_bytes": 26767179776, "child": null}
{"attempt": "baseline-0", "elapsed_seconds": 30.06, "available_memory_bytes": 26638815232, "child": {"pid": 1278274, "VmSize": 123797504, "VmHWM": 123244544, "VmRSS": 119967744, "threads": 1}}
{"binary": "baseline", "repeat": 0, "completed": true, "measurements": {"wall_seconds": 36.18, "max_rss_kib": 120356, "user_seconds": 33.98, "system_seconds": 2.13, "exit_status": 0, "termination_signal": null}}
{"attempt": "optimized-0", "elapsed_seconds": 0.002, "available_memory_bytes": 26764636160, "child": null}
{"attempt": "optimized-0", "elapsed_seconds": 30.058, "available_memory_bytes": 26655633408, "child": {"pid": 1278441, "VmSize": 105984000, "VmHWM": 121974784, "VmRSS": 102555648, "threads": 1}}
{"binary": "optimized", "repeat": 0, "completed": true, "measurements": {"wall_seconds": 30.92, "max_rss_kib": 119116, "user_seconds": 29.12, "system_seconds": 1.74, "exit_status": 0, "termination_signal": null}}
{"attempt": "optimized-1", "elapsed_seconds": 0.002, "available_memory_bytes": 26766925824, "child": null}
{"attempt": "optimized-1", "elapsed_seconds": 30.058, "available_memory_bytes": 26647580672, "child": {"pid": 1278579, "VmSize": 105984000, "VmHWM": 121692160, "VmRSS": 102273024, "threads": 1}}
{"binary": "optimized", "repeat": 1, "completed": true, "measurements": {"wall_seconds": 31.25, "max_rss_kib": 118840, "user_seconds": 29.4, "system_seconds": 1.77, "exit_status": 0, "termination_signal": null}}
{"attempt": "baseline-1", "elapsed_seconds": 0.002, "available_memory_bytes": 26756382720, "child": {"pid": 1278723, "VmSize": 2772992, "VmHWM": 102400, "VmRSS": 102400, "threads": 1}}
{"attempt": "baseline-1", "elapsed_seconds": 30.057, "available_memory_bytes": 26646827008, "child": {"pid": 1278723, "VmSize": 123797504, "VmHWM": 123273216, "VmRSS": 119869440, "threads": 1}}
{"binary": "baseline", "repeat": 1, "completed": true, "measurements": {"wall_seconds": 36.7, "max_rss_kib": 120384, "user_seconds": 34.55, "system_seconds": 2.11, "exit_status": 0, "termination_signal": null}}
{"attempt": "baseline-2", "elapsed_seconds": 0.002, "available_memory_bytes": 26771914752, "child": null}
{"attempt": "baseline-2", "elapsed_seconds": 30.057, "available_memory_bytes": 26655068160, "child": {"pid": 1278900, "VmSize": 123797504, "VmHWM": 123256832, "VmRSS": 119984128, "threads": 1}}
{"binary": "baseline", "repeat": 2, "completed": true, "measurements": {"wall_seconds": 36.95, "max_rss_kib": 120368, "user_seconds": 34.67, "system_seconds": 2.25, "exit_status": 0, "termination_signal": null}}
{"attempt": "optimized-2", "elapsed_seconds": 0.002, "available_memory_bytes": 26768355328, "child": null}
{"attempt": "optimized-2", "elapsed_seconds": 30.061, "available_memory_bytes": 26653806592, "child": {"pid": 1279069, "VmSize": 105984000, "VmHWM": 121806848, "VmRSS": 102457344, "threads": 1}}
{"binary": "optimized", "repeat": 2, "completed": true, "measurements": {"wall_seconds": 31.45, "max_rss_kib": 118952, "user_seconds": 29.4, "system_seconds": 2.0, "exit_status": 0, "termination_signal": null}}
{"attempt": "optimized-3", "elapsed_seconds": 0.002, "available_memory_bytes": 26763460608, "child": null}
{"attempt": "optimized-3", "elapsed_seconds": 30.058, "available_memory_bytes": 26801319936, "child": {"pid": 1279204, "VmSize": 105984000, "VmHWM": 121548800, "VmRSS": 102346752, "threads": 1}}
{"binary": "optimized", "repeat": 3, "completed": true, "measurements": {"wall_seconds": 31.68, "max_rss_kib": 118700, "user_seconds": 29.46, "system_seconds": 2.15, "exit_status": 0, "termination_signal": null}}
{"attempt": "baseline-3", "elapsed_seconds": 0.002, "available_memory_bytes": 26911879168, "child": null}
{"attempt": "baseline-3", "elapsed_seconds": 30.058, "available_memory_bytes": 26796703744, "child": {"pid": 1279351, "VmSize": 123797504, "VmHWM": 123211776, "VmRSS": 119992320, "threads": 1}}
{"binary": "baseline", "repeat": 3, "completed": true, "measurements": {"wall_seconds": 37.33, "max_rss_kib": 120324, "user_seconds": 35.14, "system_seconds": 2.11, "exit_status": 0, "termination_signal": null}}
{"summaries": {"baseline": {"completed": true, "median_wall_seconds": 36.95, "median_event_processing_wall_seconds": 0.34522986, "maximum_rss_bytes": 123273216}, "optimized": {"completed": true, "median_wall_seconds": 31.45, "median_event_processing_wall_seconds": 0.349198832, "maximum_rss_bytes": 121806848}}, "normalized_outputs_equal": true}
