   Compiling dir-simulator v0.1.0 (/tmp/dir-v1.1.4-preparation-2026-10-08/worktree/crates/dir-simulator)
    Finished `test` profile [unoptimized + debuginfo] target(s) in 4.12s
     Running tests/acceptance_bridge.rs (/tmp/dir-v1.1.4-preparation-2026-10-08/target/debug/deps/acceptance_bridge-b5fc367e637a5261)

running 17 tests
test dir_test_0108_p09_event_limit_every_callback_keeps_successful_journal_prefix ... ok
test dir_test_0106_n04_n05_n06_strict_prepare_failures_do_not_start_run ... ok
test dir_test_0105_c03f_native_standard_2048_is_rejected_before_dispatch ... ok
test dir_test_0106_n05_connected_switch_cycle_and_n06_duplicate_json_rule_key_reject ... ok
test dir_test_0106_n04_forbidden_models_reject_zero_count_and_future_sources ... ok
test positive_conversion_delay_offers_after_existing_same_time_ingress ... ok
test dir_test_0107_r03_r05_0108_p10_fanout_and_egress_permutation_and_unadmittable_branches ... ok
test dir_test_0107_r01_tag_and_each_one_ps_delay_changes_only_causal_milestones ... ok
test dir_test_0108_p02_hop_limit_in_second_gateway_is_finite ... ok
test dir_test_0105_c07_0107_r08_r11_0108_p01_two_gateway_wire_loop_and_multicast ... ok
test dir_test_0105_c01_c04_c03ef_fixed_wire_vectors_and_independent_crc ... ok
test dir_test_0105_c03g_c05_c06_format_rewrite_and_pcp_reclassification ... ok
test dir_test_0107_r08_r13_native_multicast_two_gateways_and_distinct_lineages ... ok
test dir_test_0106_n01_n01f_n03_n07_receive_rejection_precedence ... ok
test dir_test_0108_p10_reversed_gateway_rule_port_queue_arrays_preserve_records_and_metrics ... ok
test dir_test_0107_r01_r02_and_0108_p03_p06_every_milestone_half_open_boundary ... ok
test dir_test_0107_r10_r11_r12_0108_p12e_two_terminal_tuples_and_partial_completion ... ok

test result: ok. 17 passed; 0 failed; 0 ignored; 0 measured; 0 filtered out; finished in 12.22s

