   Compiling dir-simulator v0.1.0 (/tmp/dir-v1.1.4-preparation-2026-10-08/worktree/crates/dir-simulator)
    Finished `test` profile [unoptimized + debuginfo] target(s) in 9.11s
     Running unittests src/lib.rs (/tmp/dir-v1.1.4-preparation-2026-10-08/target/debug/deps/dir_simulator-9b09ac6eb469f515)

running 15 tests
test output::disk_sort::tests::binary_value_tags_and_numeric_bits_match_authored_vectors ... ok
test output::disk_sort::tests::a_single_row_larger_than_chunk_has_no_new_row_size_limit ... ok
test output::disk_sort::tests::escaped_byte_keys_preserve_vector_string_order_and_roundtrip ... ok
test output::disk_sort::tests::corrupt_fallback_input_cleans_both_owned_directories ... ok
test output::disk_sort::tests::merge_keeps_payload_opaque_and_failure_cleans_owned_files ... ok
test output::disk_sort::tests::ordered_records_take_direct_path_and_merge_point_ties_first ... ok
test output::disk_sort::tests::malformed_payload_tags_counts_utf8_depth_and_trailing_bytes_reject ... ok
test output::disk_sort::tests::truncated_run_is_reported_and_removed ... ok
test output::disk_sort::tests::multi_pass_sort_is_stable_and_cleans_owned_files ... ok
test output::disk_sort::tests::direct_and_fallback_binary_lengths_use_the_producers_bound ... ok
test output::disk_sort::tests::oversized_truncated_and_inconsistent_frames_reject_before_allocation ... ok
test output::disk_sort::tests::late_violation_replays_entire_prefix_with_stable_duplicates ... ok
test output::disk_sort::tests::binary_multi_pass_sort_preserves_special_keys_full_values_and_stable_ties ... ok
test output::disk_sort::tests::binary_ordered_late_fallback_and_merge_reopen_preserve_special_values ... ok
test output::disk_sort::tests::late_binary_decode_failure_cleans_the_paired_publication_stage ... ok

test result: ok. 15 passed; 0 failed; 0 ignored; 0 measured; 293 filtered out; finished in 3.01s

     Running unittests src/main.rs (/tmp/dir-v1.1.4-preparation-2026-10-08/target/debug/deps/dir_simulator-f66b874e2d85cd1a)

running 0 tests

test result: ok. 0 passed; 0 failed; 0 ignored; 0 measured; 0 filtered out; finished in 0.00s

     Running tests/acceptance_bridge.rs (/tmp/dir-v1.1.4-preparation-2026-10-08/target/debug/deps/acceptance_bridge-b5fc367e637a5261)

running 0 tests

test result: ok. 0 passed; 0 failed; 0 ignored; 0 measured; 16 filtered out; finished in 0.00s

     Running tests/acceptance_dynamic_tsn.rs (/tmp/dir-v1.1.4-preparation-2026-10-08/target/debug/deps/acceptance_dynamic_tsn-1553c901b3c69a8a)

running 0 tests

test result: ok. 0 passed; 0 failed; 0 ignored; 0 measured; 19 filtered out; finished in 0.00s

     Running tests/acceptance_output.rs (/tmp/dir-v1.1.4-preparation-2026-10-08/target/debug/deps/acceptance_output-9a4b9ebda214b5f6)

running 0 tests

test result: ok. 0 passed; 0 failed; 0 ignored; 0 measured; 6 filtered out; finished in 0.00s

     Running tests/acceptance_prefix.rs (/tmp/dir-v1.1.4-preparation-2026-10-08/target/debug/deps/acceptance_prefix-7c98185dd3a43ce6)

running 0 tests

test result: ok. 0 passed; 0 failed; 0 ignored; 0 measured; 1 filtered out; finished in 0.00s

     Running tests/acceptance_resources.rs (/tmp/dir-v1.1.4-preparation-2026-10-08/target/debug/deps/acceptance_resources-2e7f3657d8656fce)

running 0 tests

test result: ok. 0 passed; 0 failed; 0 ignored; 0 measured; 2 filtered out; finished in 0.00s

     Running tests/axi.rs (/tmp/dir-v1.1.4-preparation-2026-10-08/target/debug/deps/axi-fa539116fae44931)

running 0 tests

test result: ok. 0 passed; 0 failed; 0 ignored; 0 measured; 11 filtered out; finished in 0.00s

     Running tests/can_scenarios.rs (/tmp/dir-v1.1.4-preparation-2026-10-08/target/debug/deps/can_scenarios-d2be5064b8659fc9)

running 0 tests

test result: ok. 0 passed; 0 failed; 0 ignored; 0 measured; 5 filtered out; finished in 0.00s

     Running tests/canfd.rs (/tmp/dir-v1.1.4-preparation-2026-10-08/target/debug/deps/canfd-86b4e3066940517f)

running 0 tests

test result: ok. 0 passed; 0 failed; 0 ignored; 0 measured; 9 filtered out; finished in 0.00s

     Running tests/cli.rs (/tmp/dir-v1.1.4-preparation-2026-10-08/target/debug/deps/cli-7a11eb379458d39b)

running 0 tests

test result: ok. 0 passed; 0 failed; 0 ignored; 0 measured; 8 filtered out; finished in 0.00s

     Running tests/diagnostics.rs (/tmp/dir-v1.1.4-preparation-2026-10-08/target/debug/deps/diagnostics-222846b28c327ec1)

running 0 tests

test result: ok. 0 passed; 0 failed; 0 ignored; 0 measured; 15 filtered out; finished in 0.00s

     Running tests/ethernet.rs (/tmp/dir-v1.1.4-preparation-2026-10-08/target/debug/deps/ethernet-eb4d21d20c130cd6)

running 0 tests

test result: ok. 0 passed; 0 failed; 0 ignored; 0 measured; 6 filtered out; finished in 0.00s

     Running tests/ethernet_media.rs (/tmp/dir-v1.1.4-preparation-2026-10-08/target/debug/deps/ethernet_media-3ea78a2934aaa829)

running 0 tests

test result: ok. 0 passed; 0 failed; 0 ignored; 0 measured; 14 filtered out; finished in 0.00s

     Running tests/ethernet_qos.rs (/tmp/dir-v1.1.4-preparation-2026-10-08/target/debug/deps/ethernet_qos-a7b9fb7ab5ee76be)

running 0 tests

test result: ok. 0 passed; 0 failed; 0 ignored; 0 measured; 5 filtered out; finished in 0.00s

     Running tests/ethernet_vlan.rs (/tmp/dir-v1.1.4-preparation-2026-10-08/target/debug/deps/ethernet_vlan-ce9f2e43bae9aa50)

running 0 tests

test result: ok. 0 passed; 0 failed; 0 ignored; 0 measured; 7 filtered out; finished in 0.00s

     Running tests/event_timing.rs (/tmp/dir-v1.1.4-preparation-2026-10-08/target/debug/deps/event_timing-9f8cc1a0cd5b24e5)

running 0 tests

test result: ok. 0 passed; 0 failed; 0 ignored; 0 measured; 1 filtered out; finished in 0.00s

     Running tests/gateway.rs (/tmp/dir-v1.1.4-preparation-2026-10-08/target/debug/deps/gateway-7e830aa2c5f45b62)

running 0 tests

test result: ok. 0 passed; 0 failed; 0 ignored; 0 measured; 16 filtered out; finished in 0.00s

     Running tests/memory_ipc.rs (/tmp/dir-v1.1.4-preparation-2026-10-08/target/debug/deps/memory_ipc-654be7b8e2b8bcff)

running 0 tests

test result: ok. 0 passed; 0 failed; 0 ignored; 0 measured; 11 filtered out; finished in 0.00s

     Running tests/network_extensions.rs (/tmp/dir-v1.1.4-preparation-2026-10-08/target/debug/deps/network_extensions-bcdc7051ee85787e)

running 0 tests

test result: ok. 0 passed; 0 failed; 0 ignored; 0 measured; 11 filtered out; finished in 0.00s

     Running tests/preparation_failures.rs (/tmp/dir-v1.1.4-preparation-2026-10-08/target/debug/deps/preparation_failures-f33a25573a42d08a)

running 0 tests

test result: ok. 0 passed; 0 failed; 0 ignored; 0 measured; 2 filtered out; finished in 0.00s

     Running tests/provenance.rs (/tmp/dir-v1.1.4-preparation-2026-10-08/target/debug/deps/provenance-cbf4ddabcd2d03a9)

running 0 tests

test result: ok. 0 passed; 0 failed; 0 ignored; 0 measured; 4 filtered out; finished in 0.00s

     Running tests/registry.rs (/tmp/dir-v1.1.4-preparation-2026-10-08/target/debug/deps/registry-686ebde1ef88a2aa)

running 0 tests

test result: ok. 0 passed; 0 failed; 0 ignored; 0 measured; 26 filtered out; finished in 0.00s

     Running tests/registry_diagnostics.rs (/tmp/dir-v1.1.4-preparation-2026-10-08/target/debug/deps/registry_diagnostics-527e6284e8bd011e)

running 0 tests

test result: ok. 0 passed; 0 failed; 0 ignored; 0 measured; 8 filtered out; finished in 0.00s

     Running tests/soc.rs (/tmp/dir-v1.1.4-preparation-2026-10-08/target/debug/deps/soc-6dcc6ce60d8bdebc)

running 0 tests

test result: ok. 0 passed; 0 failed; 0 ignored; 0 measured; 20 filtered out; finished in 0.00s

     Running tests/spooling.rs (/tmp/dir-v1.1.4-preparation-2026-10-08/target/debug/deps/spooling-ca1f81c996928e5d)

running 0 tests

test result: ok. 0 passed; 0 failed; 0 ignored; 0 measured; 5 filtered out; finished in 0.00s

     Running tests/viewer_cli.rs (/tmp/dir-v1.1.4-preparation-2026-10-08/target/debug/deps/viewer_cli-6f2caf8ca5acb87a)

running 0 tests

test result: ok. 0 passed; 0 failed; 0 ignored; 0 measured; 6 filtered out; finished in 0.00s

