    Blocking waiting for file lock on build directory
   Compiling dir-simulator v0.1.0 (/tmp/dir-v1.1.4-preparation-2026-10-08/worktree/crates/dir-simulator)
warning: variable does not need to be mutable
    --> crates/dir-simulator/src/output/disk_sort.rs:1367:17
     |
1367 |             let mut last_frame_offset = 0;
     |                 ----^^^^^^^^^^^^^^^^^
     |                 |
     |                 help: remove this `mut`
     |
     = note: `#[warn(unused_mut)]` on by default

warning: `dir-simulator` (lib test) generated 1 warning (run `cargo fix --lib -p dir-simulator --tests` to apply 1 suggestion)
    Finished `test` profile [unoptimized + debuginfo] target(s) in 10.39s
     Running unittests src/lib.rs (/tmp/dir-v1.1.4-preparation-2026-10-08/target/debug/deps/dir_simulator-9b09ac6eb469f515)

running 17 tests
test output::disk_sort::tests::binary_value_tags_and_numeric_bits_match_authored_vectors ... ok
test output::disk_sort::tests::a_single_row_larger_than_chunk_has_no_new_row_size_limit ... ok
test output::disk_sort::tests::escaped_byte_keys_preserve_vector_string_order_and_roundtrip ... ok
test output::disk_sort::tests::malformed_payload_tags_counts_utf8_depth_and_trailing_bytes_reject ... ok
test output::disk_sort::tests::ordered_records_take_direct_path_and_merge_point_ties_first ... ok
test output::disk_sort::tests::late_violation_replays_entire_prefix_with_stable_duplicates ... ok
test output::disk_sort::tests::multi_pass_sort_is_stable_and_cleans_owned_files ... ok
test output::disk_sort::tests::corrupt_fallback_input_cleans_both_owned_directories ... ok
test output::disk_sort::tests::truncated_run_is_reported_and_removed ... ok
test output::disk_sort::tests::merge_keeps_payload_opaque_and_failure_cleans_owned_files ... ok
test output::disk_sort::tests::oversized_truncated_and_inconsistent_frames_reject_before_allocation ... ok
test output::disk_sort::tests::direct_and_fallback_binary_lengths_use_the_producers_bound ... ok
test output::disk_sort::tests::binary_multi_pass_sort_preserves_special_keys_full_values_and_stable_ties ... ok
test output::disk_sort::tests::binary_ordered_late_fallback_and_merge_reopen_preserve_special_values ... ok
test output::disk_sort::tests::pr37_every_partial_binary_frame_rejects_in_sorted_and_ordered_streams ... ok
test output::disk_sort::tests::pr37_binary_fallback_and_merge_reject_partial_headers_lengths_and_bodies ... ok

thread 'output::disk_sort::tests::late_binary_decode_and_truncation_failures_clean_the_paired_publication_stage' panicked at crates/dir-simulator/src/output/disk_sort.rs:1424:21:
assertion failed: fs::metadata(base.join(".tmp-late-binary/results.json")).unwrap().len() > 0
note: run with `RUST_BACKTRACE=1` environment variable to display a backtrace
test output::disk_sort::tests::late_binary_decode_and_truncation_failures_clean_the_paired_publication_stage ... FAILED

failures:

failures:
    output::disk_sort::tests::late_binary_decode_and_truncation_failures_clean_the_paired_publication_stage

test result: FAILED. 16 passed; 1 failed; 0 ignored; 0 measured; 294 filtered out; finished in 2.94s

error: test failed, to rerun pass `--lib`
