   Compiling dir-simulator v0.1.0 (<isolated-worktree>/crates/dir-simulator)
    Finished `test` profile [unoptimized + debuginfo] target(s) in 10.60s
     Running unittests src/lib.rs (target/debug/deps/dir_simulator-9b09ac6eb469f515)
     Running unittests src/main.rs (target/debug/deps/dir_simulator-f66b874e2d85cd1a)
     Running tests/ac0008_attributes.rs (target/debug/deps/ac0008_attributes-dd573f535eedffaf)
     Running tests/ac0008_ned_rejections.rs (target/debug/deps/ac0008_ned_rejections-f235601dcf411468)
     Running tests/ac0008_paths.rs (target/debug/deps/ac0008_paths-8cd11dd326e2edef)
     Running tests/acceptance_bridge.rs (target/debug/deps/acceptance_bridge-b5fc367e637a5261)
     Running tests/acceptance_dynamic_tsn.rs (target/debug/deps/acceptance_dynamic_tsn-1553c901b3c69a8a)
     Running tests/acceptance_output.rs (target/debug/deps/acceptance_output-9a4b9ebda214b5f6)
     Running tests/acceptance_prefix.rs (target/debug/deps/acceptance_prefix-7c98185dd3a43ce6)
     Running tests/acceptance_resources.rs (target/debug/deps/acceptance_resources-2e7f3657d8656fce)
     Running tests/axi.rs (target/debug/deps/axi-fa539116fae44931)
     Running tests/build_ledger_identity.rs (target/debug/deps/build_ledger_identity-7746cf3b081159d6)
     Running tests/can_scenarios.rs (target/debug/deps/can_scenarios-d2be5064b8659fc9)
     Running tests/canfd.rs (target/debug/deps/canfd-86b4e3066940517f)
     Running tests/cli.rs (target/debug/deps/cli-7a11eb379458d39b)
     Running tests/diagnostics.rs (target/debug/deps/diagnostics-222846b28c327ec1)
     Running tests/ethernet.rs (target/debug/deps/ethernet-eb4d21d20c130cd6)
     Running tests/ethernet_media.rs (target/debug/deps/ethernet_media-3ea78a2934aaa829)
     Running tests/ethernet_qos.rs (target/debug/deps/ethernet_qos-a7b9fb7ab5ee76be)
     Running tests/ethernet_vlan.rs (target/debug/deps/ethernet_vlan-ce9f2e43bae9aa50)
     Running tests/event_timing.rs (target/debug/deps/event_timing-9f8cc1a0cd5b24e5)
     Running tests/gateway.rs (target/debug/deps/gateway-7e830aa2c5f45b62)
     Running tests/memory_ipc.rs (target/debug/deps/memory_ipc-654be7b8e2b8bcff)
     Running tests/network_extensions.rs (target/debug/deps/network_extensions-bcdc7051ee85787e)
     Running tests/preparation_failures.rs (target/debug/deps/preparation_failures-f33a25573a42d08a)
     Running tests/provenance.rs (target/debug/deps/provenance-cbf4ddabcd2d03a9)
     Running tests/registry.rs (target/debug/deps/registry-686ebde1ef88a2aa)
     Running tests/registry_diagnostics.rs (target/debug/deps/registry_diagnostics-527e6284e8bd011e)
     Running tests/soc.rs (target/debug/deps/soc-6dcc6ce60d8bdebc)
     Running tests/spooling.rs (target/debug/deps/spooling-ca1f81c996928e5d)
     Running tests/viewer_cli.rs (target/debug/deps/viewer_cli-6f2caf8ca5acb87a)
   Doc-tests dir_simulator
