Collecting mkdocs==1.6.1 (from -r requirements-guide.txt (line 1))
  Downloading mkdocs-1.6.1-py3-none-any.whl.metadata (6.0 kB)
Collecting click>=7.0 (from mkdocs==1.6.1->-r requirements-guide.txt (line 1))
  Using cached click-8.5.0-py3-none-any.whl.metadata (2.6 kB)
Collecting ghp-import>=1.0 (from mkdocs==1.6.1->-r requirements-guide.txt (line 1))
  Downloading ghp_import-2.1.0-py3-none-any.whl.metadata (7.2 kB)
Collecting jinja2>=2.11.1 (from mkdocs==1.6.1->-r requirements-guide.txt (line 1))
  Using cached jinja2-3.1.6-py3-none-any.whl.metadata (2.9 kB)
Collecting markdown>=3.3.6 (from mkdocs==1.6.1->-r requirements-guide.txt (line 1))
  Downloading markdown-3.11-py3-none-any.whl.metadata (5.1 kB)
Collecting markupsafe>=2.0.1 (from mkdocs==1.6.1->-r requirements-guide.txt (line 1))
  Downloading markupsafe-3.0.4-cp312-cp312-manylinux2014_x86_64.manylinux_2_17_x86_64.manylinux_2_28_x86_64.whl.metadata (2.7 kB)
Collecting mergedeep>=1.3.4 (from mkdocs==1.6.1->-r requirements-guide.txt (line 1))
  Downloading mergedeep-1.3.4-py3-none-any.whl.metadata (4.3 kB)
Collecting mkdocs-get-deps>=0.2.0 (from mkdocs==1.6.1->-r requirements-guide.txt (line 1))
  Downloading mkdocs_get_deps-0.2.2-py3-none-any.whl.metadata (4.0 kB)
Collecting packaging>=20.5 (from mkdocs==1.6.1->-r requirements-guide.txt (line 1))
  Using cached packaging-26.3-py3-none-any.whl.metadata (3.5 kB)
Collecting pathspec>=0.11.1 (from mkdocs==1.6.1->-r requirements-guide.txt (line 1))
  Downloading pathspec-1.1.1-py3-none-any.whl.metadata (14 kB)
Collecting pyyaml-env-tag>=0.1 (from mkdocs==1.6.1->-r requirements-guide.txt (line 1))
  Downloading pyyaml_env_tag-1.1-py3-none-any.whl.metadata (5.5 kB)
Collecting pyyaml>=5.1 (from mkdocs==1.6.1->-r requirements-guide.txt (line 1))
  Using cached pyyaml-6.0.3-cp312-cp312-manylinux2014_x86_64.manylinux_2_17_x86_64.manylinux_2_28_x86_64.whl.metadata (2.4 kB)
Collecting watchdog>=2.0 (from mkdocs==1.6.1->-r requirements-guide.txt (line 1))
  Downloading watchdog-6.0.0-py3-none-manylinux2014_x86_64.whl.metadata (44 kB)
     ━━━━━━━━━━━━━━━━━━━━━━━━━━━━━━━━━━━━━━━━ 44.3/44.3 kB 1.7 MB/s eta 0:00:00
Collecting python-dateutil>=2.8.1 (from ghp-import>=1.0->mkdocs==1.6.1->-r requirements-guide.txt (line 1))
  Using cached python_dateutil-2.9.0.post0-py2.py3-none-any.whl.metadata (8.4 kB)
Collecting platformdirs>=2.2.0 (from mkdocs-get-deps>=0.2.0->mkdocs==1.6.1->-r requirements-guide.txt (line 1))
  Downloading platformdirs-4.12.4-py3-none-any.whl.metadata (5.5 kB)
Collecting six>=1.5 (from python-dateutil>=2.8.1->ghp-import>=1.0->mkdocs==1.6.1->-r requirements-guide.txt (line 1))
  Using cached six-1.17.0-py2.py3-none-any.whl.metadata (1.7 kB)
Downloading mkdocs-1.6.1-py3-none-any.whl (3.9 MB)
   ━━━━━━━━━━━━━━━━━━━━━━━━━━━━━━━━━━━━━━━━ 3.9/3.9 MB 40.1 MB/s eta 0:00:00
Using cached click-8.5.0-py3-none-any.whl (125 kB)
Downloading ghp_import-2.1.0-py3-none-any.whl (11 kB)
Using cached jinja2-3.1.6-py3-none-any.whl (134 kB)
Downloading markdown-3.11-py3-none-any.whl (111 kB)
   ━━━━━━━━━━━━━━━━━━━━━━━━━━━━━━━━━━━━━━━━ 111.3/111.3 kB 14.8 MB/s eta 0:00:00
Downloading markupsafe-3.0.4-cp312-cp312-manylinux2014_x86_64.manylinux_2_17_x86_64.manylinux_2_28_x86_64.whl (22 kB)
Downloading mergedeep-1.3.4-py3-none-any.whl (6.4 kB)
Downloading mkdocs_get_deps-0.2.2-py3-none-any.whl (9.6 kB)
Using cached packaging-26.3-py3-none-any.whl (129 kB)
Downloading pathspec-1.1.1-py3-none-any.whl (57 kB)
   ━━━━━━━━━━━━━━━━━━━━━━━━━━━━━━━━━━━━━━━━ 57.3/57.3 kB 9.7 MB/s eta 0:00:00
Using cached pyyaml-6.0.3-cp312-cp312-manylinux2014_x86_64.manylinux_2_17_x86_64.manylinux_2_28_x86_64.whl (807 kB)
Downloading pyyaml_env_tag-1.1-py3-none-any.whl (4.7 kB)
Downloading watchdog-6.0.0-py3-none-manylinux2014_x86_64.whl (79 kB)
   ━━━━━━━━━━━━━━━━━━━━━━━━━━━━━━━━━━━━━━━━ 79.1/79.1 kB 12.3 MB/s eta 0:00:00
Downloading platformdirs-4.12.4-py3-none-any.whl (32 kB)
Using cached python_dateutil-2.9.0.post0-py2.py3-none-any.whl (229 kB)
Using cached six-1.17.0-py2.py3-none-any.whl (11 kB)
Installing collected packages: watchdog, six, pyyaml, platformdirs, pathspec, packaging, mergedeep, markupsafe, markdown, click, pyyaml-env-tag, python-dateutil, mkdocs-get-deps, jinja2, ghp-import, mkdocs
Successfully installed click-8.5.0 ghp-import-2.1.0 jinja2-3.1.6 markdown-3.11 markupsafe-3.0.4 mergedeep-1.3.4 mkdocs-1.6.1 mkdocs-get-deps-0.2.2 packaging-26.3 pathspec-1.1.1 platformdirs-4.12.4 python-dateutil-2.9.0.post0 pyyaml-6.0.3 pyyaml-env-tag-1.1 six-1.17.0 watchdog-6.0.0
