
Elf file type is DYN (Position-Independent Executable file)
Entry point 0xe8800
There are 14 program headers, starting at offset 64

Program Headers:
  Type           Offset   VirtAddr           PhysAddr           FileSiz  MemSiz   Flg Align
  PHDR           0x000040 0x0000000000000040 0x0000000000000040 0x000310 0x000310 R   0x8
  INTERP         0x000350 0x0000000000000350 0x0000000000000350 0x00001c 0x00001c R   0x1
      [Requesting program interpreter: /lib64/ld-linux-x86-64.so.2]
  LOAD           0x000000 0x0000000000000000 0x0000000000000000 0x0e52f0 0x0e52f0 R   0x1000
  LOAD           0x0e6000 0x00000000000e6000 0x00000000000e6000 0x137a33d 0x137a33d R E 0x1000
  LOAD           0x1461000 0x0000000001461000 0x0000000001461000 0x35c6a4 0x35c6a4 R   0x1000
  LOAD           0x17bd930 0x00000000017be930 0x00000000017be930 0x07c770 0x07c900 RW  0x1000
  DYNAMIC        0x1808fe0 0x0000000001809fe0 0x0000000001809fe0 0x000210 0x000210 RW  0x8
  NOTE           0x000370 0x0000000000000370 0x0000000000000370 0x000020 0x000020 R   0x8
  NOTE           0x000390 0x0000000000000390 0x0000000000000390 0x000044 0x000044 R   0x4
  TLS            0x17bd930 0x00000000017be930 0x00000000017be930 0x000138 0x0001a0 R   0x8
  GNU_PROPERTY   0x000370 0x0000000000000370 0x0000000000000370 0x000020 0x000020 R   0x8
  GNU_EH_FRAME   0x1513f80 0x0000000001513f80 0x0000000001513f80 0x06f204 0x06f204 R   0x4
  GNU_STACK      0x000000 0x0000000000000000 0x0000000000000000 0x000000 0x000000 RW  0x10
  GNU_RELRO      0x17bd930 0x00000000017be930 0x00000000017be930 0x07c6d0 0x07c6d0 R   0x1

 Section to Segment mapping:
  Segment Sections...
   00     
   01     .interp 
   02     .interp .note.gnu.property .note.gnu.build-id .note.ABI-tag .gnu.hash .dynsym .dynstr .gnu.version .gnu.version_r .rela.dyn .rela.plt 
   03     .init .plt .plt.got .text .fini 
   04     .rodata .debug_gdb_scripts .eh_frame_hdr .eh_frame .gcc_except_table 
   05     .tdata .init_array .fini_array .data.rel.ro .dynamic .got .data .bss 
   06     .dynamic 
   07     .note.gnu.property 
   08     .note.gnu.build-id .note.ABI-tag 
   09     .tdata .tbss 
   10     .note.gnu.property 
   11     .eh_frame_hdr 
   12     
   13     .tdata .init_array .fini_array .data.rel.ro .dynamic .got 
