
Dynamic section at offset 0x1808fe0 contains 29 entries:
  Tag        Type                         Name/Value
 0x0000000000000001 (NEEDED)             Shared library: [libgcc_s.so.1]
 0x0000000000000001 (NEEDED)             Shared library: [libc.so.6]
 0x0000000000000001 (NEEDED)             Shared library: [ld-linux-x86-64.so.2]
 0x000000000000000c (INIT)               0xe6000
 0x000000000000000d (FINI)               0x1460330
 0x0000000000000019 (INIT_ARRAY)         0x17bea68
 0x000000000000001b (INIT_ARRAYSZ)       16 (bytes)
 0x000000000000001a (FINI_ARRAY)         0x17bea78
 0x000000000000001c (FINI_ARRAYSZ)       8 (bytes)
 0x000000006ffffef5 (GNU_HASH)           0x3d8
 0x0000000000000005 (STRTAB)             0xdf8
 0x0000000000000006 (SYMTAB)             0x408
 0x000000000000000a (STRSZ)              1460 (bytes)
 0x000000000000000b (SYMENT)             24 (bytes)
 0x0000000000000015 (DEBUG)              0x0
 0x0000000000000003 (PLTGOT)             0x180a1f0
 0x0000000000000002 (PLTRELSZ)           48 (bytes)
 0x0000000000000014 (PLTREL)             RELA
 0x0000000000000017 (JMPREL)             0xe52c0
 0x0000000000000007 (RELA)               0x15c0
 0x0000000000000008 (RELASZ)             933120 (bytes)
 0x0000000000000009 (RELAENT)            24 (bytes)
 0x000000000000001e (FLAGS)              BIND_NOW
 0x000000006ffffffb (FLAGS_1)            Flags: NOW PIE
 0x000000006ffffffe (VERNEED)            0x1480
 0x000000006fffffff (VERNEEDNUM)         3
 0x000000006ffffff0 (VERSYM)             0x13ac
 0x000000006ffffff9 (RELACOUNT)          38777
 0x0000000000000000 (NULL)               0x0
