dir-simulator v0.1.0 (<AUDIT_ROOT>/baseline/crates/dir-simulator)
├── rustix feature "default"
│   ├── rustix v0.38.44
│   │   ├── bitflags v2.13.2
│   │   ├── linux-raw-sys feature "elf"
│   │   │   └── linux-raw-sys v0.4.15
│   │   ├── linux-raw-sys feature "errno"
│   │   │   └── linux-raw-sys v0.4.15
│   │   ├── linux-raw-sys feature "general"
│   │   │   └── linux-raw-sys v0.4.15
│   │   ├── linux-raw-sys feature "ioctl"
│   │   │   └── linux-raw-sys v0.4.15
│   │   └── linux-raw-sys feature "no_std"
│   │       └── linux-raw-sys v0.4.15
│   ├── rustix feature "std"
│   │   ├── rustix v0.38.44
│   │   │   ├── bitflags v2.13.2
│   │   │   ├── linux-raw-sys feature "elf"
│   │   │   │   └── linux-raw-sys v0.4.15
│   │   │   ├── linux-raw-sys feature "errno"
│   │   │   │   └── linux-raw-sys v0.4.15
│   │   │   ├── linux-raw-sys feature "general"
│   │   │   │   └── linux-raw-sys v0.4.15
│   │   │   ├── linux-raw-sys feature "ioctl"
│   │   │   │   └── linux-raw-sys v0.4.15
│   │   │   └── linux-raw-sys feature "no_std"
│   │   │       └── linux-raw-sys v0.4.15
│   │   ├── rustix feature "alloc"
│   │   │   └── rustix v0.38.44
│   │   │       ├── bitflags v2.13.2
│   │   │       ├── linux-raw-sys feature "elf"
│   │   │       │   └── linux-raw-sys v0.4.15
│   │   │       ├── linux-raw-sys feature "errno"
│   │   │       │   └── linux-raw-sys v0.4.15
│   │   │       ├── linux-raw-sys feature "general"
│   │   │       │   └── linux-raw-sys v0.4.15
│   │   │       ├── linux-raw-sys feature "ioctl"
│   │   │       │   └── linux-raw-sys v0.4.15
│   │   │       └── linux-raw-sys feature "no_std"
│   │   │           └── linux-raw-sys v0.4.15
│   │   ├── rustix feature "libc-extra-traits"
│   │   │   └── rustix v0.38.44
│   │   │       ├── bitflags v2.13.2
│   │   │       ├── linux-raw-sys feature "elf"
│   │   │       │   └── linux-raw-sys v0.4.15
│   │   │       ├── linux-raw-sys feature "errno"
│   │   │       │   └── linux-raw-sys v0.4.15
│   │   │       ├── linux-raw-sys feature "general"
│   │   │       │   └── linux-raw-sys v0.4.15
│   │   │       ├── linux-raw-sys feature "ioctl"
│   │   │       │   └── linux-raw-sys v0.4.15
│   │   │       └── linux-raw-sys feature "no_std"
│   │   │           └── linux-raw-sys v0.4.15
│   │   └── bitflags feature "std"
│   │       └── bitflags v2.13.2
│   └── rustix feature "use-libc-auxv"
│       └── rustix v0.38.44
│           ├── bitflags v2.13.2
│           ├── linux-raw-sys feature "elf"
│           │   └── linux-raw-sys v0.4.15
│           ├── linux-raw-sys feature "errno"
│           │   └── linux-raw-sys v0.4.15
│           ├── linux-raw-sys feature "general"
│           │   └── linux-raw-sys v0.4.15
│           ├── linux-raw-sys feature "ioctl"
│           │   └── linux-raw-sys v0.4.15
│           └── linux-raw-sys feature "no_std"
│               └── linux-raw-sys v0.4.15
├── rustix feature "fs"
│   └── rustix v0.38.44
│       ├── bitflags v2.13.2
│       ├── linux-raw-sys feature "elf"
│       │   └── linux-raw-sys v0.4.15
│       ├── linux-raw-sys feature "errno"
│       │   └── linux-raw-sys v0.4.15
│       ├── linux-raw-sys feature "general"
│       │   └── linux-raw-sys v0.4.15
│       ├── linux-raw-sys feature "ioctl"
│       │   └── linux-raw-sys v0.4.15
│       └── linux-raw-sys feature "no_std"
│           └── linux-raw-sys v0.4.15
├── rustix feature "rand"
│   └── rustix v0.38.44
│       ├── bitflags v2.13.2
│       ├── linux-raw-sys feature "elf"
│       │   └── linux-raw-sys v0.4.15
│       ├── linux-raw-sys feature "errno"
│       │   └── linux-raw-sys v0.4.15
│       ├── linux-raw-sys feature "general"
│       │   └── linux-raw-sys v0.4.15
│       ├── linux-raw-sys feature "ioctl"
│       │   └── linux-raw-sys v0.4.15
│       └── linux-raw-sys feature "no_std"
│           └── linux-raw-sys v0.4.15
├── serde feature "default"
│   ├── serde v1.0.229
│   │   ├── serde_core feature "result"
│   │   │   └── serde_core v1.0.229
│   │   └── serde_derive feature "default"
│   │       └── serde_derive v1.0.229 (proc-macro)
│   │           ├── proc-macro2 feature "proc-macro"
│   │           │   └── proc-macro2 v1.0.107
│   │           │       └── unicode-ident feature "default"
│   │           │           └── unicode-ident v1.0.26
│   │           ├── quote feature "proc-macro"
│   │           │   ├── quote v1.0.47
│   │           │   │   └── proc-macro2 v1.0.107
│   │           │   │       └── unicode-ident feature "default"
│   │           │   │           └── unicode-ident v1.0.26
│   │           │   └── proc-macro2 feature "proc-macro"
│   │           │       └── proc-macro2 v1.0.107
│   │           │           └── unicode-ident feature "default"
│   │           │               └── unicode-ident v1.0.26
│   │           ├── syn feature "clone-impls"
│   │           │   └── syn v3.0.6
│   │           │       ├── proc-macro2 v1.0.107
│   │           │       │   └── unicode-ident feature "default"
│   │           │       │       └── unicode-ident v1.0.26
│   │           │       ├── quote v1.0.47
│   │           │       │   └── proc-macro2 v1.0.107
│   │           │       │       └── unicode-ident feature "default"
│   │           │       │           └── unicode-ident v1.0.26
│   │           │       └── unicode-ident feature "default"
│   │           │           └── unicode-ident v1.0.26
│   │           ├── syn feature "derive"
│   │           │   └── syn v3.0.6
│   │           │       ├── proc-macro2 v1.0.107
│   │           │       │   └── unicode-ident feature "default"
│   │           │       │       └── unicode-ident v1.0.26
│   │           │       ├── quote v1.0.47
│   │           │       │   └── proc-macro2 v1.0.107
│   │           │       │       └── unicode-ident feature "default"
│   │           │       │           └── unicode-ident v1.0.26
│   │           │       └── unicode-ident feature "default"
│   │           │           └── unicode-ident v1.0.26
│   │           ├── syn feature "parsing"
│   │           │   └── syn v3.0.6
│   │           │       ├── proc-macro2 v1.0.107
│   │           │       │   └── unicode-ident feature "default"
│   │           │       │       └── unicode-ident v1.0.26
│   │           │       ├── quote v1.0.47
│   │           │       │   └── proc-macro2 v1.0.107
│   │           │       │       └── unicode-ident feature "default"
│   │           │       │           └── unicode-ident v1.0.26
│   │           │       └── unicode-ident feature "default"
│   │           │           └── unicode-ident v1.0.26
│   │           ├── syn feature "printing"
│   │           │   └── syn v3.0.6
│   │           │       ├── proc-macro2 v1.0.107
│   │           │       │   └── unicode-ident feature "default"
│   │           │       │       └── unicode-ident v1.0.26
│   │           │       ├── quote v1.0.47
│   │           │       │   └── proc-macro2 v1.0.107
│   │           │       │       └── unicode-ident feature "default"
│   │           │       │           └── unicode-ident v1.0.26
│   │           │       └── unicode-ident feature "default"
│   │           │           └── unicode-ident v1.0.26
│   │           └── syn feature "proc-macro"
│   │               ├── syn v3.0.6
│   │               │   ├── proc-macro2 v1.0.107
│   │               │   │   └── unicode-ident feature "default"
│   │               │   │       └── unicode-ident v1.0.26
│   │               │   ├── quote v1.0.47
│   │               │   │   └── proc-macro2 v1.0.107
│   │               │   │       └── unicode-ident feature "default"
│   │               │   │           └── unicode-ident v1.0.26
│   │               │   └── unicode-ident feature "default"
│   │               │       └── unicode-ident v1.0.26
│   │               ├── proc-macro2 feature "proc-macro"
│   │               │   └── proc-macro2 v1.0.107
│   │               │       └── unicode-ident feature "default"
│   │               │           └── unicode-ident v1.0.26
│   │               └── quote feature "proc-macro"
│   │                   ├── quote v1.0.47
│   │                   │   └── proc-macro2 v1.0.107
│   │                   │       └── unicode-ident feature "default"
│   │                   │           └── unicode-ident v1.0.26
│   │                   └── proc-macro2 feature "proc-macro"
│   │                       └── proc-macro2 v1.0.107
│   │                           └── unicode-ident feature "default"
│   │                               └── unicode-ident v1.0.26
│   └── serde feature "std"
│       ├── serde v1.0.229
│       │   ├── serde_core feature "result"
│       │   │   └── serde_core v1.0.229
│       │   └── serde_derive feature "default"
│       │       └── serde_derive v1.0.229 (proc-macro)
│       │           ├── proc-macro2 feature "proc-macro"
│       │           │   └── proc-macro2 v1.0.107
│       │           │       └── unicode-ident feature "default"
│       │           │           └── unicode-ident v1.0.26
│       │           ├── quote feature "proc-macro"
│       │           │   ├── quote v1.0.47
│       │           │   │   └── proc-macro2 v1.0.107
│       │           │   │       └── unicode-ident feature "default"
│       │           │   │           └── unicode-ident v1.0.26
│       │           │   └── proc-macro2 feature "proc-macro"
│       │           │       └── proc-macro2 v1.0.107
│       │           │           └── unicode-ident feature "default"
│       │           │               └── unicode-ident v1.0.26
│       │           ├── syn feature "clone-impls"
│       │           │   └── syn v3.0.6
│       │           │       ├── proc-macro2 v1.0.107
│       │           │       │   └── unicode-ident feature "default"
│       │           │       │       └── unicode-ident v1.0.26
│       │           │       ├── quote v1.0.47
│       │           │       │   └── proc-macro2 v1.0.107
│       │           │       │       └── unicode-ident feature "default"
│       │           │       │           └── unicode-ident v1.0.26
│       │           │       └── unicode-ident feature "default"
│       │           │           └── unicode-ident v1.0.26
│       │           ├── syn feature "derive"
│       │           │   └── syn v3.0.6
│       │           │       ├── proc-macro2 v1.0.107
│       │           │       │   └── unicode-ident feature "default"
│       │           │       │       └── unicode-ident v1.0.26
│       │           │       ├── quote v1.0.47
│       │           │       │   └── proc-macro2 v1.0.107
│       │           │       │       └── unicode-ident feature "default"
│       │           │       │           └── unicode-ident v1.0.26
│       │           │       └── unicode-ident feature "default"
│       │           │           └── unicode-ident v1.0.26
│       │           ├── syn feature "parsing"
│       │           │   └── syn v3.0.6
│       │           │       ├── proc-macro2 v1.0.107
│       │           │       │   └── unicode-ident feature "default"
│       │           │       │       └── unicode-ident v1.0.26
│       │           │       ├── quote v1.0.47
│       │           │       │   └── proc-macro2 v1.0.107
│       │           │       │       └── unicode-ident feature "default"
│       │           │       │           └── unicode-ident v1.0.26
│       │           │       └── unicode-ident feature "default"
│       │           │           └── unicode-ident v1.0.26
│       │           ├── syn feature "printing"
│       │           │   └── syn v3.0.6
│       │           │       ├── proc-macro2 v1.0.107
│       │           │       │   └── unicode-ident feature "default"
│       │           │       │       └── unicode-ident v1.0.26
│       │           │       ├── quote v1.0.47
│       │           │       │   └── proc-macro2 v1.0.107
│       │           │       │       └── unicode-ident feature "default"
│       │           │       │           └── unicode-ident v1.0.26
│       │           │       └── unicode-ident feature "default"
│       │           │           └── unicode-ident v1.0.26
│       │           └── syn feature "proc-macro"
│       │               ├── syn v3.0.6
│       │               │   ├── proc-macro2 v1.0.107
│       │               │   │   └── unicode-ident feature "default"
│       │               │   │       └── unicode-ident v1.0.26
│       │               │   ├── quote v1.0.47
│       │               │   │   └── proc-macro2 v1.0.107
│       │               │   │       └── unicode-ident feature "default"
│       │               │   │           └── unicode-ident v1.0.26
│       │               │   └── unicode-ident feature "default"
│       │               │       └── unicode-ident v1.0.26
│       │               ├── proc-macro2 feature "proc-macro"
│       │               │   └── proc-macro2 v1.0.107
│       │               │       └── unicode-ident feature "default"
│       │               │           └── unicode-ident v1.0.26
│       │               └── quote feature "proc-macro"
│       │                   ├── quote v1.0.47
│       │                   │   └── proc-macro2 v1.0.107
│       │                   │       └── unicode-ident feature "default"
│       │                   │           └── unicode-ident v1.0.26
│       │                   └── proc-macro2 feature "proc-macro"
│       │                       └── proc-macro2 v1.0.107
│       │                           └── unicode-ident feature "default"
│       │                               └── unicode-ident v1.0.26
│       └── serde_core feature "std"
│           └── serde_core v1.0.229
├── serde feature "derive"
│   ├── serde v1.0.229
│   │   ├── serde_core feature "result"
│   │   │   └── serde_core v1.0.229
│   │   └── serde_derive feature "default"
│   │       └── serde_derive v1.0.229 (proc-macro)
│   │           ├── proc-macro2 feature "proc-macro"
│   │           │   └── proc-macro2 v1.0.107
│   │           │       └── unicode-ident feature "default"
│   │           │           └── unicode-ident v1.0.26
│   │           ├── quote feature "proc-macro"
│   │           │   ├── quote v1.0.47
│   │           │   │   └── proc-macro2 v1.0.107
│   │           │   │       └── unicode-ident feature "default"
│   │           │   │           └── unicode-ident v1.0.26
│   │           │   └── proc-macro2 feature "proc-macro"
│   │           │       └── proc-macro2 v1.0.107
│   │           │           └── unicode-ident feature "default"
│   │           │               └── unicode-ident v1.0.26
│   │           ├── syn feature "clone-impls"
│   │           │   └── syn v3.0.6
│   │           │       ├── proc-macro2 v1.0.107
│   │           │       │   └── unicode-ident feature "default"
│   │           │       │       └── unicode-ident v1.0.26
│   │           │       ├── quote v1.0.47
│   │           │       │   └── proc-macro2 v1.0.107
│   │           │       │       └── unicode-ident feature "default"
│   │           │       │           └── unicode-ident v1.0.26
│   │           │       └── unicode-ident feature "default"
│   │           │           └── unicode-ident v1.0.26
│   │           ├── syn feature "derive"
│   │           │   └── syn v3.0.6
│   │           │       ├── proc-macro2 v1.0.107
│   │           │       │   └── unicode-ident feature "default"
│   │           │       │       └── unicode-ident v1.0.26
│   │           │       ├── quote v1.0.47
│   │           │       │   └── proc-macro2 v1.0.107
│   │           │       │       └── unicode-ident feature "default"
│   │           │       │           └── unicode-ident v1.0.26
│   │           │       └── unicode-ident feature "default"
│   │           │           └── unicode-ident v1.0.26
│   │           ├── syn feature "parsing"
│   │           │   └── syn v3.0.6
│   │           │       ├── proc-macro2 v1.0.107
│   │           │       │   └── unicode-ident feature "default"
│   │           │       │       └── unicode-ident v1.0.26
│   │           │       ├── quote v1.0.47
│   │           │       │   └── proc-macro2 v1.0.107
│   │           │       │       └── unicode-ident feature "default"
│   │           │       │           └── unicode-ident v1.0.26
│   │           │       └── unicode-ident feature "default"
│   │           │           └── unicode-ident v1.0.26
│   │           ├── syn feature "printing"
│   │           │   └── syn v3.0.6
│   │           │       ├── proc-macro2 v1.0.107
│   │           │       │   └── unicode-ident feature "default"
│   │           │       │       └── unicode-ident v1.0.26
│   │           │       ├── quote v1.0.47
│   │           │       │   └── proc-macro2 v1.0.107
│   │           │       │       └── unicode-ident feature "default"
│   │           │       │           └── unicode-ident v1.0.26
│   │           │       └── unicode-ident feature "default"
│   │           │           └── unicode-ident v1.0.26
│   │           └── syn feature "proc-macro"
│   │               ├── syn v3.0.6
│   │               │   ├── proc-macro2 v1.0.107
│   │               │   │   └── unicode-ident feature "default"
│   │               │   │       └── unicode-ident v1.0.26
│   │               │   ├── quote v1.0.47
│   │               │   │   └── proc-macro2 v1.0.107
│   │               │   │       └── unicode-ident feature "default"
│   │               │   │           └── unicode-ident v1.0.26
│   │               │   └── unicode-ident feature "default"
│   │               │       └── unicode-ident v1.0.26
│   │               ├── proc-macro2 feature "proc-macro"
│   │               │   └── proc-macro2 v1.0.107
│   │               │       └── unicode-ident feature "default"
│   │               │           └── unicode-ident v1.0.26
│   │               └── quote feature "proc-macro"
│   │                   ├── quote v1.0.47
│   │                   │   └── proc-macro2 v1.0.107
│   │                   │       └── unicode-ident feature "default"
│   │                   │           └── unicode-ident v1.0.26
│   │                   └── proc-macro2 feature "proc-macro"
│   │                       └── proc-macro2 v1.0.107
│   │                           └── unicode-ident feature "default"
│   │                               └── unicode-ident v1.0.26
│   └── serde feature "serde_derive"
│       └── serde v1.0.229
│           ├── serde_core feature "result"
│           │   └── serde_core v1.0.229
│           └── serde_derive feature "default"
│               └── serde_derive v1.0.229 (proc-macro)
│                   ├── proc-macro2 feature "proc-macro"
│                   │   └── proc-macro2 v1.0.107
│                   │       └── unicode-ident feature "default"
│                   │           └── unicode-ident v1.0.26
│                   ├── quote feature "proc-macro"
│                   │   ├── quote v1.0.47
│                   │   │   └── proc-macro2 v1.0.107
│                   │   │       └── unicode-ident feature "default"
│                   │   │           └── unicode-ident v1.0.26
│                   │   └── proc-macro2 feature "proc-macro"
│                   │       └── proc-macro2 v1.0.107
│                   │           └── unicode-ident feature "default"
│                   │               └── unicode-ident v1.0.26
│                   ├── syn feature "clone-impls"
│                   │   └── syn v3.0.6
│                   │       ├── proc-macro2 v1.0.107
│                   │       │   └── unicode-ident feature "default"
│                   │       │       └── unicode-ident v1.0.26
│                   │       ├── quote v1.0.47
│                   │       │   └── proc-macro2 v1.0.107
│                   │       │       └── unicode-ident feature "default"
│                   │       │           └── unicode-ident v1.0.26
│                   │       └── unicode-ident feature "default"
│                   │           └── unicode-ident v1.0.26
│                   ├── syn feature "derive"
│                   │   └── syn v3.0.6
│                   │       ├── proc-macro2 v1.0.107
│                   │       │   └── unicode-ident feature "default"
│                   │       │       └── unicode-ident v1.0.26
│                   │       ├── quote v1.0.47
│                   │       │   └── proc-macro2 v1.0.107
│                   │       │       └── unicode-ident feature "default"
│                   │       │           └── unicode-ident v1.0.26
│                   │       └── unicode-ident feature "default"
│                   │           └── unicode-ident v1.0.26
│                   ├── syn feature "parsing"
│                   │   └── syn v3.0.6
│                   │       ├── proc-macro2 v1.0.107
│                   │       │   └── unicode-ident feature "default"
│                   │       │       └── unicode-ident v1.0.26
│                   │       ├── quote v1.0.47
│                   │       │   └── proc-macro2 v1.0.107
│                   │       │       └── unicode-ident feature "default"
│                   │       │           └── unicode-ident v1.0.26
│                   │       └── unicode-ident feature "default"
│                   │           └── unicode-ident v1.0.26
│                   ├── syn feature "printing"
│                   │   └── syn v3.0.6
│                   │       ├── proc-macro2 v1.0.107
│                   │       │   └── unicode-ident feature "default"
│                   │       │       └── unicode-ident v1.0.26
│                   │       ├── quote v1.0.47
│                   │       │   └── proc-macro2 v1.0.107
│                   │       │       └── unicode-ident feature "default"
│                   │       │           └── unicode-ident v1.0.26
│                   │       └── unicode-ident feature "default"
│                   │           └── unicode-ident v1.0.26
│                   └── syn feature "proc-macro"
│                       ├── syn v3.0.6
│                       │   ├── proc-macro2 v1.0.107
│                       │   │   └── unicode-ident feature "default"
│                       │   │       └── unicode-ident v1.0.26
│                       │   ├── quote v1.0.47
│                       │   │   └── proc-macro2 v1.0.107
│                       │   │       └── unicode-ident feature "default"
│                       │   │           └── unicode-ident v1.0.26
│                       │   └── unicode-ident feature "default"
│                       │       └── unicode-ident v1.0.26
│                       ├── proc-macro2 feature "proc-macro"
│                       │   └── proc-macro2 v1.0.107
│                       │       └── unicode-ident feature "default"
│                       │           └── unicode-ident v1.0.26
│                       └── quote feature "proc-macro"
│                           ├── quote v1.0.47
│                           │   └── proc-macro2 v1.0.107
│                           │       └── unicode-ident feature "default"
│                           │           └── unicode-ident v1.0.26
│                           └── proc-macro2 feature "proc-macro"
│                               └── proc-macro2 v1.0.107
│                                   └── unicode-ident feature "default"
│                                       └── unicode-ident v1.0.26
├── serde_json feature "default"
│   ├── serde_json v1.0.151
│   │   ├── memchr v2.8.3
│   │   ├── serde_core v1.0.229
│   │   ├── itoa feature "default"
│   │   │   └── itoa v1.0.18
│   │   └── zmij feature "default"
│   │       └── zmij v1.0.23
│   └── serde_json feature "std"
│       ├── serde_json v1.0.151
│       │   ├── memchr v2.8.3
│       │   ├── serde_core v1.0.229
│       │   ├── itoa feature "default"
│       │   │   └── itoa v1.0.18
│       │   └── zmij feature "default"
│       │       └── zmij v1.0.23
│       ├── serde_core feature "std"
│       │   └── serde_core v1.0.229
│       └── memchr feature "std"
│           ├── memchr v2.8.3
│           └── memchr feature "alloc"
│               └── memchr v2.8.3
├── serde_json feature "float_roundtrip"
│   └── serde_json v1.0.151
│       ├── memchr v2.8.3
│       ├── serde_core v1.0.229
│       ├── itoa feature "default"
│       │   └── itoa v1.0.18
│       └── zmij feature "default"
│           └── zmij v1.0.23
├── sha2 feature "default"
│   ├── sha2 v0.10.9
│   │   ├── cfg-if feature "default"
│   │   │   └── cfg-if v1.0.5
│   │   ├── cpufeatures feature "default"
│   │   │   └── cpufeatures v0.2.17
│   │   └── digest feature "default"
│   │       ├── digest v0.10.7
│   │       │   ├── block-buffer feature "default"
│   │       │   │   └── block-buffer v0.10.4
│   │       │   │       └── generic-array feature "default"
│   │       │   │           └── generic-array v0.14.7
│   │       │   │               └── typenum feature "default"
│   │       │   │                   └── typenum v1.20.1
│   │       │   │               [build-dependencies]
│   │       │   │               └── version_check feature "default"
│   │       │   │                   └── version_check v0.9.5
│   │       │   └── crypto-common feature "default"
│   │       │       └── crypto-common v0.1.7
│   │       │           ├── generic-array feature "default"
│   │       │           │   └── generic-array v0.14.7
│   │       │           │       └── typenum feature "default"
│   │       │           │           └── typenum v1.20.1
│   │       │           │       [build-dependencies]
│   │       │           │       └── version_check feature "default"
│   │       │           │           └── version_check v0.9.5
│   │       │           ├── generic-array feature "more_lengths"
│   │       │           │   └── generic-array v0.14.7
│   │       │           │       └── typenum feature "default"
│   │       │           │           └── typenum v1.20.1
│   │       │           │       [build-dependencies]
│   │       │           │       └── version_check feature "default"
│   │       │           │           └── version_check v0.9.5
│   │       │           └── typenum feature "default"
│   │       │               └── typenum v1.20.1
│   │       └── digest feature "core-api"
│   │           ├── digest v0.10.7
│   │           │   ├── block-buffer feature "default"
│   │           │   │   └── block-buffer v0.10.4
│   │           │   │       └── generic-array feature "default"
│   │           │   │           └── generic-array v0.14.7
│   │           │   │               └── typenum feature "default"
│   │           │   │                   └── typenum v1.20.1
│   │           │   │               [build-dependencies]
│   │           │   │               └── version_check feature "default"
│   │           │   │                   └── version_check v0.9.5
│   │           │   └── crypto-common feature "default"
│   │           │       └── crypto-common v0.1.7
│   │           │           ├── generic-array feature "default"
│   │           │           │   └── generic-array v0.14.7
│   │           │           │       └── typenum feature "default"
│   │           │           │           └── typenum v1.20.1
│   │           │           │       [build-dependencies]
│   │           │           │       └── version_check feature "default"
│   │           │           │           └── version_check v0.9.5
│   │           │           ├── generic-array feature "more_lengths"
│   │           │           │   └── generic-array v0.14.7
│   │           │           │       └── typenum feature "default"
│   │           │           │           └── typenum v1.20.1
│   │           │           │       [build-dependencies]
│   │           │           │       └── version_check feature "default"
│   │           │           │           └── version_check v0.9.5
│   │           │           └── typenum feature "default"
│   │           │               └── typenum v1.20.1
│   │           └── digest feature "block-buffer"
│   │               └── digest v0.10.7
│   │                   ├── block-buffer feature "default"
│   │                   │   └── block-buffer v0.10.4
│   │                   │       └── generic-array feature "default"
│   │                   │           └── generic-array v0.14.7
│   │                   │               └── typenum feature "default"
│   │                   │                   └── typenum v1.20.1
│   │                   │               [build-dependencies]
│   │                   │               └── version_check feature "default"
│   │                   │                   └── version_check v0.9.5
│   │                   └── crypto-common feature "default"
│   │                       └── crypto-common v0.1.7
│   │                           ├── generic-array feature "default"
│   │                           │   └── generic-array v0.14.7
│   │                           │       └── typenum feature "default"
│   │                           │           └── typenum v1.20.1
│   │                           │       [build-dependencies]
│   │                           │       └── version_check feature "default"
│   │                           │           └── version_check v0.9.5
│   │                           ├── generic-array feature "more_lengths"
│   │                           │   └── generic-array v0.14.7
│   │                           │       └── typenum feature "default"
│   │                           │           └── typenum v1.20.1
│   │                           │       [build-dependencies]
│   │                           │       └── version_check feature "default"
│   │                           │           └── version_check v0.9.5
│   │                           └── typenum feature "default"
│   │                               └── typenum v1.20.1
│   └── sha2 feature "std"
│       ├── sha2 v0.10.9
│       │   ├── cfg-if feature "default"
│       │   │   └── cfg-if v1.0.5
│       │   ├── cpufeatures feature "default"
│       │   │   └── cpufeatures v0.2.17
│       │   └── digest feature "default"
│       │       ├── digest v0.10.7
│       │       │   ├── block-buffer feature "default"
│       │       │   │   └── block-buffer v0.10.4
│       │       │   │       └── generic-array feature "default"
│       │       │   │           └── generic-array v0.14.7
│       │       │   │               └── typenum feature "default"
│       │       │   │                   └── typenum v1.20.1
│       │       │   │               [build-dependencies]
│       │       │   │               └── version_check feature "default"
│       │       │   │                   └── version_check v0.9.5
│       │       │   └── crypto-common feature "default"
│       │       │       └── crypto-common v0.1.7
│       │       │           ├── generic-array feature "default"
│       │       │           │   └── generic-array v0.14.7
│       │       │           │       └── typenum feature "default"
│       │       │           │           └── typenum v1.20.1
│       │       │           │       [build-dependencies]
│       │       │           │       └── version_check feature "default"
│       │       │           │           └── version_check v0.9.5
│       │       │           ├── generic-array feature "more_lengths"
│       │       │           │   └── generic-array v0.14.7
│       │       │           │       └── typenum feature "default"
│       │       │           │           └── typenum v1.20.1
│       │       │           │       [build-dependencies]
│       │       │           │       └── version_check feature "default"
│       │       │           │           └── version_check v0.9.5
│       │       │           └── typenum feature "default"
│       │       │               └── typenum v1.20.1
│       │       └── digest feature "core-api"
│       │           ├── digest v0.10.7
│       │           │   ├── block-buffer feature "default"
│       │           │   │   └── block-buffer v0.10.4
│       │           │   │       └── generic-array feature "default"
│       │           │   │           └── generic-array v0.14.7
│       │           │   │               └── typenum feature "default"
│       │           │   │                   └── typenum v1.20.1
│       │           │   │               [build-dependencies]
│       │           │   │               └── version_check feature "default"
│       │           │   │                   └── version_check v0.9.5
│       │           │   └── crypto-common feature "default"
│       │           │       └── crypto-common v0.1.7
│       │           │           ├── generic-array feature "default"
│       │           │           │   └── generic-array v0.14.7
│       │           │           │       └── typenum feature "default"
│       │           │           │           └── typenum v1.20.1
│       │           │           │       [build-dependencies]
│       │           │           │       └── version_check feature "default"
│       │           │           │           └── version_check v0.9.5
│       │           │           ├── generic-array feature "more_lengths"
│       │           │           │   └── generic-array v0.14.7
│       │           │           │       └── typenum feature "default"
│       │           │           │           └── typenum v1.20.1
│       │           │           │       [build-dependencies]
│       │           │           │       └── version_check feature "default"
│       │           │           │           └── version_check v0.9.5
│       │           │           └── typenum feature "default"
│       │           │               └── typenum v1.20.1
│       │           └── digest feature "block-buffer"
│       │               └── digest v0.10.7
│       │                   ├── block-buffer feature "default"
│       │                   │   └── block-buffer v0.10.4
│       │                   │       └── generic-array feature "default"
│       │                   │           └── generic-array v0.14.7
│       │                   │               └── typenum feature "default"
│       │                   │                   └── typenum v1.20.1
│       │                   │               [build-dependencies]
│       │                   │               └── version_check feature "default"
│       │                   │                   └── version_check v0.9.5
│       │                   └── crypto-common feature "default"
│       │                       └── crypto-common v0.1.7
│       │                           ├── generic-array feature "default"
│       │                           │   └── generic-array v0.14.7
│       │                           │       └── typenum feature "default"
│       │                           │           └── typenum v1.20.1
│       │                           │       [build-dependencies]
│       │                           │       └── version_check feature "default"
│       │                           │           └── version_check v0.9.5
│       │                           ├── generic-array feature "more_lengths"
│       │                           │   └── generic-array v0.14.7
│       │                           │       └── typenum feature "default"
│       │                           │           └── typenum v1.20.1
│       │                           │       [build-dependencies]
│       │                           │       └── version_check feature "default"
│       │                           │           └── version_check v0.9.5
│       │                           └── typenum feature "default"
│       │                               └── typenum v1.20.1
│       └── digest feature "std"
│           ├── digest v0.10.7
│           │   ├── block-buffer feature "default"
│           │   │   └── block-buffer v0.10.4
│           │   │       └── generic-array feature "default"
│           │   │           └── generic-array v0.14.7
│           │   │               └── typenum feature "default"
│           │   │                   └── typenum v1.20.1
│           │   │               [build-dependencies]
│           │   │               └── version_check feature "default"
│           │   │                   └── version_check v0.9.5
│           │   └── crypto-common feature "default"
│           │       └── crypto-common v0.1.7
│           │           ├── generic-array feature "default"
│           │           │   └── generic-array v0.14.7
│           │           │       └── typenum feature "default"
│           │           │           └── typenum v1.20.1
│           │           │       [build-dependencies]
│           │           │       └── version_check feature "default"
│           │           │           └── version_check v0.9.5
│           │           ├── generic-array feature "more_lengths"
│           │           │   └── generic-array v0.14.7
│           │           │       └── typenum feature "default"
│           │           │           └── typenum v1.20.1
│           │           │       [build-dependencies]
│           │           │       └── version_check feature "default"
│           │           │           └── version_check v0.9.5
│           │           └── typenum feature "default"
│           │               └── typenum v1.20.1
│           ├── digest feature "alloc"
│           │   └── digest v0.10.7
│           │       ├── block-buffer feature "default"
│           │       │   └── block-buffer v0.10.4
│           │       │       └── generic-array feature "default"
│           │       │           └── generic-array v0.14.7
│           │       │               └── typenum feature "default"
│           │       │                   └── typenum v1.20.1
│           │       │               [build-dependencies]
│           │       │               └── version_check feature "default"
│           │       │                   └── version_check v0.9.5
│           │       └── crypto-common feature "default"
│           │           └── crypto-common v0.1.7
│           │               ├── generic-array feature "default"
│           │               │   └── generic-array v0.14.7
│           │               │       └── typenum feature "default"
│           │               │           └── typenum v1.20.1
│           │               │       [build-dependencies]
│           │               │       └── version_check feature "default"
│           │               │           └── version_check v0.9.5
│           │               ├── generic-array feature "more_lengths"
│           │               │   └── generic-array v0.14.7
│           │               │       └── typenum feature "default"
│           │               │           └── typenum v1.20.1
│           │               │       [build-dependencies]
│           │               │       └── version_check feature "default"
│           │               │           └── version_check v0.9.5
│           │               └── typenum feature "default"
│           │                   └── typenum v1.20.1
│           └── crypto-common feature "std"
│               └── crypto-common v0.1.7
│                   ├── generic-array feature "default"
│                   │   └── generic-array v0.14.7
│                   │       └── typenum feature "default"
│                   │           └── typenum v1.20.1
│                   │       [build-dependencies]
│                   │       └── version_check feature "default"
│                   │           └── version_check v0.9.5
│                   ├── generic-array feature "more_lengths"
│                   │   └── generic-array v0.14.7
│                   │       └── typenum feature "default"
│                   │           └── typenum v1.20.1
│                   │       [build-dependencies]
│                   │       └── version_check feature "default"
│                   │           └── version_check v0.9.5
│                   └── typenum feature "default"
│                       └── typenum v1.20.1
└── tiny_http feature "default"
    └── tiny_http v0.12.0
        ├── ascii feature "default"
        │   ├── ascii v1.1.0
        │   └── ascii feature "std"
        │       ├── ascii v1.1.0
        │       └── ascii feature "alloc"
        │           └── ascii v1.1.0
        ├── chunked_transfer feature "default"
        │   └── chunked_transfer v1.5.0
        ├── httpdate feature "default"
        │   └── httpdate v1.0.3
        └── log feature "default"
            └── log v0.4.34
[build-dependencies]
└── sha2 feature "default"
    ├── sha2 v0.10.9
    │   ├── cfg-if feature "default"
    │   │   └── cfg-if v1.0.5
    │   ├── cpufeatures feature "default"
    │   │   └── cpufeatures v0.2.17
    │   └── digest feature "default"
    │       ├── digest v0.10.7
    │       │   ├── block-buffer feature "default"
    │       │   │   └── block-buffer v0.10.4
    │       │   │       └── generic-array feature "default"
    │       │   │           └── generic-array v0.14.7
    │       │   │               └── typenum feature "default"
    │       │   │                   └── typenum v1.20.1
    │       │   │               [build-dependencies]
    │       │   │               └── version_check feature "default"
    │       │   │                   └── version_check v0.9.5
    │       │   └── crypto-common feature "default"
    │       │       └── crypto-common v0.1.7
    │       │           ├── generic-array feature "default"
    │       │           │   └── generic-array v0.14.7
    │       │           │       └── typenum feature "default"
    │       │           │           └── typenum v1.20.1
    │       │           │       [build-dependencies]
    │       │           │       └── version_check feature "default"
    │       │           │           └── version_check v0.9.5
    │       │           ├── generic-array feature "more_lengths"
    │       │           │   └── generic-array v0.14.7
    │       │           │       └── typenum feature "default"
    │       │           │           └── typenum v1.20.1
    │       │           │       [build-dependencies]
    │       │           │       └── version_check feature "default"
    │       │           │           └── version_check v0.9.5
    │       │           └── typenum feature "default"
    │       │               └── typenum v1.20.1
    │       └── digest feature "core-api"
    │           ├── digest v0.10.7
    │           │   ├── block-buffer feature "default"
    │           │   │   └── block-buffer v0.10.4
    │           │   │       └── generic-array feature "default"
    │           │   │           └── generic-array v0.14.7
    │           │   │               └── typenum feature "default"
    │           │   │                   └── typenum v1.20.1
    │           │   │               [build-dependencies]
    │           │   │               └── version_check feature "default"
    │           │   │                   └── version_check v0.9.5
    │           │   └── crypto-common feature "default"
    │           │       └── crypto-common v0.1.7
    │           │           ├── generic-array feature "default"
    │           │           │   └── generic-array v0.14.7
    │           │           │       └── typenum feature "default"
    │           │           │           └── typenum v1.20.1
    │           │           │       [build-dependencies]
    │           │           │       └── version_check feature "default"
    │           │           │           └── version_check v0.9.5
    │           │           ├── generic-array feature "more_lengths"
    │           │           │   └── generic-array v0.14.7
    │           │           │       └── typenum feature "default"
    │           │           │           └── typenum v1.20.1
    │           │           │       [build-dependencies]
    │           │           │       └── version_check feature "default"
    │           │           │           └── version_check v0.9.5
    │           │           └── typenum feature "default"
    │           │               └── typenum v1.20.1
    │           └── digest feature "block-buffer"
    │               └── digest v0.10.7
    │                   ├── block-buffer feature "default"
    │                   │   └── block-buffer v0.10.4
    │                   │       └── generic-array feature "default"
    │                   │           └── generic-array v0.14.7
    │                   │               └── typenum feature "default"
    │                   │                   └── typenum v1.20.1
    │                   │               [build-dependencies]
    │                   │               └── version_check feature "default"
    │                   │                   └── version_check v0.9.5
    │                   └── crypto-common feature "default"
    │                       └── crypto-common v0.1.7
    │                           ├── generic-array feature "default"
    │                           │   └── generic-array v0.14.7
    │                           │       └── typenum feature "default"
    │                           │           └── typenum v1.20.1
    │                           │       [build-dependencies]
    │                           │       └── version_check feature "default"
    │                           │           └── version_check v0.9.5
    │                           ├── generic-array feature "more_lengths"
    │                           │   └── generic-array v0.14.7
    │                           │       └── typenum feature "default"
    │                           │           └── typenum v1.20.1
    │                           │       [build-dependencies]
    │                           │       └── version_check feature "default"
    │                           │           └── version_check v0.9.5
    │                           └── typenum feature "default"
    │                               └── typenum v1.20.1
    └── sha2 feature "std"
        ├── sha2 v0.10.9
        │   ├── cfg-if feature "default"
        │   │   └── cfg-if v1.0.5
        │   ├── cpufeatures feature "default"
        │   │   └── cpufeatures v0.2.17
        │   └── digest feature "default"
        │       ├── digest v0.10.7
        │       │   ├── block-buffer feature "default"
        │       │   │   └── block-buffer v0.10.4
        │       │   │       └── generic-array feature "default"
        │       │   │           └── generic-array v0.14.7
        │       │   │               └── typenum feature "default"
        │       │   │                   └── typenum v1.20.1
        │       │   │               [build-dependencies]
        │       │   │               └── version_check feature "default"
        │       │   │                   └── version_check v0.9.5
        │       │   └── crypto-common feature "default"
        │       │       └── crypto-common v0.1.7
        │       │           ├── generic-array feature "default"
        │       │           │   └── generic-array v0.14.7
        │       │           │       └── typenum feature "default"
        │       │           │           └── typenum v1.20.1
        │       │           │       [build-dependencies]
        │       │           │       └── version_check feature "default"
        │       │           │           └── version_check v0.9.5
        │       │           ├── generic-array feature "more_lengths"
        │       │           │   └── generic-array v0.14.7
        │       │           │       └── typenum feature "default"
        │       │           │           └── typenum v1.20.1
        │       │           │       [build-dependencies]
        │       │           │       └── version_check feature "default"
        │       │           │           └── version_check v0.9.5
        │       │           └── typenum feature "default"
        │       │               └── typenum v1.20.1
        │       └── digest feature "core-api"
        │           ├── digest v0.10.7
        │           │   ├── block-buffer feature "default"
        │           │   │   └── block-buffer v0.10.4
        │           │   │       └── generic-array feature "default"
        │           │   │           └── generic-array v0.14.7
        │           │   │               └── typenum feature "default"
        │           │   │                   └── typenum v1.20.1
        │           │   │               [build-dependencies]
        │           │   │               └── version_check feature "default"
        │           │   │                   └── version_check v0.9.5
        │           │   └── crypto-common feature "default"
        │           │       └── crypto-common v0.1.7
        │           │           ├── generic-array feature "default"
        │           │           │   └── generic-array v0.14.7
        │           │           │       └── typenum feature "default"
        │           │           │           └── typenum v1.20.1
        │           │           │       [build-dependencies]
        │           │           │       └── version_check feature "default"
        │           │           │           └── version_check v0.9.5
        │           │           ├── generic-array feature "more_lengths"
        │           │           │   └── generic-array v0.14.7
        │           │           │       └── typenum feature "default"
        │           │           │           └── typenum v1.20.1
        │           │           │       [build-dependencies]
        │           │           │       └── version_check feature "default"
        │           │           │           └── version_check v0.9.5
        │           │           └── typenum feature "default"
        │           │               └── typenum v1.20.1
        │           └── digest feature "block-buffer"
        │               └── digest v0.10.7
        │                   ├── block-buffer feature "default"
        │                   │   └── block-buffer v0.10.4
        │                   │       └── generic-array feature "default"
        │                   │           └── generic-array v0.14.7
        │                   │               └── typenum feature "default"
        │                   │                   └── typenum v1.20.1
        │                   │               [build-dependencies]
        │                   │               └── version_check feature "default"
        │                   │                   └── version_check v0.9.5
        │                   └── crypto-common feature "default"
        │                       └── crypto-common v0.1.7
        │                           ├── generic-array feature "default"
        │                           │   └── generic-array v0.14.7
        │                           │       └── typenum feature "default"
        │                           │           └── typenum v1.20.1
        │                           │       [build-dependencies]
        │                           │       └── version_check feature "default"
        │                           │           └── version_check v0.9.5
        │                           ├── generic-array feature "more_lengths"
        │                           │   └── generic-array v0.14.7
        │                           │       └── typenum feature "default"
        │                           │           └── typenum v1.20.1
        │                           │       [build-dependencies]
        │                           │       └── version_check feature "default"
        │                           │           └── version_check v0.9.5
        │                           └── typenum feature "default"
        │                               └── typenum v1.20.1
        └── digest feature "std"
            ├── digest v0.10.7
            │   ├── block-buffer feature "default"
            │   │   └── block-buffer v0.10.4
            │   │       └── generic-array feature "default"
            │   │           └── generic-array v0.14.7
            │   │               └── typenum feature "default"
            │   │                   └── typenum v1.20.1
            │   │               [build-dependencies]
            │   │               └── version_check feature "default"
            │   │                   └── version_check v0.9.5
            │   └── crypto-common feature "default"
            │       └── crypto-common v0.1.7
            │           ├── generic-array feature "default"
            │           │   └── generic-array v0.14.7
            │           │       └── typenum feature "default"
            │           │           └── typenum v1.20.1
            │           │       [build-dependencies]
            │           │       └── version_check feature "default"
            │           │           └── version_check v0.9.5
            │           ├── generic-array feature "more_lengths"
            │           │   └── generic-array v0.14.7
            │           │       └── typenum feature "default"
            │           │           └── typenum v1.20.1
            │           │       [build-dependencies]
            │           │       └── version_check feature "default"
            │           │           └── version_check v0.9.5
            │           └── typenum feature "default"
            │               └── typenum v1.20.1
            ├── digest feature "alloc"
            │   └── digest v0.10.7
            │       ├── block-buffer feature "default"
            │       │   └── block-buffer v0.10.4
            │       │       └── generic-array feature "default"
            │       │           └── generic-array v0.14.7
            │       │               └── typenum feature "default"
            │       │                   └── typenum v1.20.1
            │       │               [build-dependencies]
            │       │               └── version_check feature "default"
            │       │                   └── version_check v0.9.5
            │       └── crypto-common feature "default"
            │           └── crypto-common v0.1.7
            │               ├── generic-array feature "default"
            │               │   └── generic-array v0.14.7
            │               │       └── typenum feature "default"
            │               │           └── typenum v1.20.1
            │               │       [build-dependencies]
            │               │       └── version_check feature "default"
            │               │           └── version_check v0.9.5
            │               ├── generic-array feature "more_lengths"
            │               │   └── generic-array v0.14.7
            │               │       └── typenum feature "default"
            │               │           └── typenum v1.20.1
            │               │       [build-dependencies]
            │               │       └── version_check feature "default"
            │               │           └── version_check v0.9.5
            │               └── typenum feature "default"
            │                   └── typenum v1.20.1
            └── crypto-common feature "std"
                └── crypto-common v0.1.7
                    ├── generic-array feature "default"
                    │   └── generic-array v0.14.7
                    │       └── typenum feature "default"
                    │           └── typenum v1.20.1
                    │       [build-dependencies]
                    │       └── version_check feature "default"
                    │           └── version_check v0.9.5
                    ├── generic-array feature "more_lengths"
                    │   └── generic-array v0.14.7
                    │       └── typenum feature "default"
                    │           └── typenum v1.20.1
                    │       [build-dependencies]
                    │       └── version_check feature "default"
                    │           └── version_check v0.9.5
                    └── typenum feature "default"
                        └── typenum v1.20.1
