
Elf file type is DYN (Position-Independent Executable file)
Entry point 0x34df0
There are 14 program headers, starting at offset 64

Program Headers:
  Type           Offset   VirtAddr           PhysAddr           FileSiz  MemSiz   Flg Align
  PHDR           0x000040 0x0000000000000040 0x0000000000000040 0x000310 0x000310 R   0x8
  INTERP         0x000350 0x0000000000000350 0x0000000000000350 0x00001c 0x00001c R   0x1
      [Requesting program interpreter: /lib64/ld-linux-x86-64.so.2]
  LOAD           0x000000 0x0000000000000000 0x0000000000000000 0x02dec8 0x02dec8 R   0x1000
  LOAD           0x02e000 0x000000000002e000 0x000000000002e000 0x79090d 0x79090d R E 0x1000
  LOAD           0x7bf000 0x00000000007bf000 0x00000000007bf000 0x1b5e38 0x1b5e38 R   0x1000
  LOAD           0x975568 0x0000000000975568 0x0000000000975568 0x023b30 0x023cc0 RW  0x1000
  DYNAMIC        0x996888 0x0000000000996888 0x0000000000996888 0x000210 0x000210 RW  0x8
  NOTE           0x000370 0x0000000000000370 0x0000000000000370 0x000020 0x000020 R   0x8
  NOTE           0x000390 0x0000000000000390 0x0000000000000390 0x000044 0x000044 R   0x4
  TLS            0x975568 0x0000000000975568 0x0000000000975568 0x000138 0x0001a0 R   0x8
  GNU_PROPERTY   0x000370 0x0000000000000370 0x0000000000000370 0x000020 0x000020 R   0x8
  GNU_EH_FRAME   0x86272c 0x000000000086272c 0x000000000086272c 0x010fcc 0x010fcc R   0x4
  GNU_STACK      0x000000 0x0000000000000000 0x0000000000000000 0x000000 0x000000 RW  0x10
  GNU_RELRO      0x975568 0x0000000000975568 0x0000000000975568 0x023a98 0x023a98 R   0x1

 Section to Segment mapping:
  Segment Sections...
   00     
   01     .interp 
   02     .interp .note.gnu.property .note.gnu.build-id .note.ABI-tag .gnu.hash .dynsym .dynstr .gnu.version .gnu.version_r .rela.dyn .rela.plt 
   03     .init .plt .plt.got .text .fini 
   04     .rodata .eh_frame_hdr .eh_frame .gcc_except_table 
   05     .tdata .init_array .fini_array .data.rel.ro .dynamic .got .data .bss 
   06     .dynamic 
   07     .note.gnu.property 
   08     .note.gnu.build-id .note.ABI-tag 
   09     .tdata .tbss 
   10     .note.gnu.property 
   11     .eh_frame_hdr 
   12     
   13     .tdata .init_array .fini_array .data.rel.ro .dynamic .got 
