
running 15 tests
test channel_errors_use_ini_section_reference_or_adopted_value ... ok
test duplicate_json_key_points_to_second_key_and_retains_related_location ... ok
test every_model_family_locates_semantic_json_field_by_identity ... ok
test ini_invalid_value_points_to_adopted_value_not_same_default ... ok
test ini_unknown_key_points_to_key_after_bom_crlf_and_unicode_comment ... ok
test ini_unknown_parameter_points_to_complete_assignment_key ... ok
test json_eof_is_a_zero_width_range_after_final_scalar_or_newline ... ok
test ned_eof_has_empty_range_and_correct_unicode_scalar_column ... ok
test ned_unknown_child_reference_points_to_type_token ... ok
test nested_json_error_uses_exact_value_despite_repeated_keys ... ok
test preparation_stderr_and_jsonl_share_primary_object ... ok
test runtime_guard_retains_candidate_time_and_reserved_sequence ... ok
test stderr_and_jsonl_use_same_control_character_escaping ... ok
test unreadable_input_has_path_and_null_positions ... ok
test wire_contract_is_complete_nullable_and_string_only ... ok

test result: ok. 15 passed; 0 failed; 0 ignored; 0 measured; 0 filtered out; finished in 8.06s


running 8 tests
test generic_execution_settings_use_adopted_ini_token_and_stable_reason ... ok
test generic_parameter_bounds_select_default_and_override_sources ... ok
test generic_run_publishes_same_annotated_preparation_diagnostic ... ok
test generic_unknown_types_and_declaration_schema_retain_ned_sources ... ok
test static_input_callback_failure_does_not_invent_source_or_target ... ok
test structural_config_reference_errors_use_known_value_spans ... ok
test unused_registered_declaration_defaults_still_obey_registry_bounds ... ok
test unused_registered_double_and_channel_defaults_obey_bounds ... ok

test result: ok. 8 passed; 0 failed; 0 ignored; 0 measured; 0 filtered out; finished in 2.66s

